<html>
<body>
<pre>
<h1>µVision Build Log</h1>
<h2>Project:</h2>
D:\learning\stm32f103c8t6\project\Led_phao_hoa_update\smart_config_ESP8166\MDK-ARM\smart_config_ESP8166.uvprojx
Project File Date:  11/28/2021

<h2>Output:</h2>
Build target 'smart_config_ESP8166'
compiling esp8266_smart_config.c...
linking...
Program Size: Code=6376 RO-data=292 RW-data=132 ZI-data=2340  
FromELF: creating hex file...
"smart_config_ESP8166\smart_config_ESP8166.axf" - 0 Error(s), 0 Warning(s).

<h2>Software Packages used:</h2>

Package Vendor: ARM
                http://www.keil.com/pack/ARM.CMSIS.4.1.0.pack
                ARM::CMSIS:CORE:3.30.0
                CMSIS (Cortex Microcontroller Software Interface Standard)
   * Component: CORE Version: 3.30.0

<h2>Collection of Component include folders:</h2>
  D:\learning\stm32f103c8t6\project\Led_phao_hoa_update\smart_config_ESP8166\MDK-ARM\RTE
  E:\setup_tools\compilers\keilc\ARM\PACK\ARM\CMSIS\4.1.0\CMSIS\Include
  E:\setup_tools\compilers\keilc\ARM\PACK\Keil\STM32F1xx_DFP\2.1.0

<h2>Collection of Component Files used:</h2>

   * Component: ARM::CMSIS:CORE:3.30.0
      Source file:   CMSIS\UserCodeTemplates\ARM\ITM_Retarget.c
</pre>
</body>
</html>
CK\Keil\STM32F1xx_DFP\2.1.0

<h2>Collection of Component Files used:</h2>

   * Component: ARM::CMSIS:CORE:3.30.0
      Source file:   CMSIS\UserCodeTemplates\ARM\ITM_Retarget.c
   * Component: ARM::CMSIS:CORE:3.30.0
      Source file:   CMSIS\UserCodeTemplates\ARM\ITM_Retarget.c
eating hex file...
"smart_config_ESP8166\smart_config_ESP8166.axf" - 0 Error(s), 7 Warning(s).

<h2>Software Packages used:</h2>

Package Vendor: ARM
                http://www.keil.com/pack/ARM.CMSIS.4.1.0.pack
                ARM::CMSIS:CORE:3.30.0
                CMSIS (Cortex Microcontroller Software Interface Standard)
   * Component: CORE Version: 3.30.0

<h2>Collection of Component include folders:</h2>
  D:\learning\stm32f103c8t6\project\Led_phao_hoa_update\smart_config_ESP8166\MDK-ARM\RTE
  E:\setup_tools\compilers\keilc\ARM\PACK\ARM\CMSIS\4.1.0\CMSIS\Include
  E:\setup_tools\compilers\keilc\ARM\PACK\Keil\STM32F1xx_DFP\2.1.0

<h2>Collection of Component Files used:</h2>

   * Component: ARM::CMSIS:CORE:3.30.0
      Source file:   CMSIS\UserCodeTemplates\ARM\ITM_Retarget.c
lc\ARM\PACK\Keil\STM32F1xx_DFP\2.1.0

<h2>Collection of Component Files used:</h2>

   * Component: ARM::CMSIS:CORE:3.30.0
      Source file:   CMSIS\UserCodeTemplates\ARM\ITM_Retarget.c
